MPLINK 4.46, Linker
Linker Map File - Created Fri May 03 00:38:55 2019

                                 Section Info
                  Section       Type    Address   Location Size(Bytes)
                ---------  ---------  ---------  ---------  ---------
                   .org_0       code   0x000000    program   0x000000
                   .org_1       code   0x000000    program   0x000002
                   .org_2       code   0x000005    program   0x0005f6



                              Program Memory Usage 
                               Start         End      
                           ---------   ---------      
                            0x000000    0x000000      
                            0x000005    0x0002ff      
            764 out of 8454 program addresses used, program memory utilization is 9%



                              Symbols - Sorted by Name
                     Name    Address   Location    Storage File                     
                ---------  ---------  ---------  --------- ---------                
                CENTENAS1   0x0001a3    program     static C:\Users\Daniel\Desktop\VidaMuerte\Pry_3.asm
                   CENTRO   0x0002d6    program     static C:\Users\Daniel\Desktop\VidaMuerte\Pry_3.asm
                  CENTRO1   0x0002db    program     static C:\Users\Daniel\Desktop\VidaMuerte\Pry_3.asm
                 CENTRO1A   0x0002e0    program     static C:\Users\Daniel\Desktop\VidaMuerte\Pry_3.asm
                 CENTRO2A   0x0002e5    program     static C:\Users\Daniel\Desktop\VidaMuerte\Pry_3.asm
                    CICLO   0x000014    program     static C:\Users\Daniel\Desktop\VidaMuerte\Pry_3.asm
                  COMANDO   0x0002bf    program     static C:\Users\Daniel\Desktop\VidaMuerte\Pry_3.asm
                 DECENAS1   0x0001aa    program     static C:\Users\Daniel\Desktop\VidaMuerte\Pry_3.asm
                   DELAY1   0x0001b8    program     static C:\Users\Daniel\Desktop\VidaMuerte\Pry_3.asm
                    ENVIA   0x0002c8    program     static C:\Users\Daniel\Desktop\VidaMuerte\Pry_3.asm
                ERASE_LCD   0x0002d0    program     static C:\Users\Daniel\Desktop\VidaMuerte\Pry_3.asm
                 ESCRIBIR   0x0001bd    program     static C:\Users\Daniel\Desktop\VidaMuerte\Pry_3.asm
                ESCRIBIR2   0x0001db    program     static C:\Users\Daniel\Desktop\VidaMuerte\Pry_3.asm
                ESCRIBIR3   0x0001f9    program     static C:\Users\Daniel\Desktop\VidaMuerte\Pry_3.asm
                ESCRIBIR4   0x000217    program     static C:\Users\Daniel\Desktop\VidaMuerte\Pry_3.asm
                ESCRIBIR5   0x000235    program     static C:\Users\Daniel\Desktop\VidaMuerte\Pry_3.asm
                ESCRIBIR6   0x000253    program     static C:\Users\Daniel\Desktop\VidaMuerte\Pry_3.asm
                ESCRIBIR7   0x000271    program     static C:\Users\Daniel\Desktop\VidaMuerte\Pry_3.asm
                ESCRIBIR8   0x00028f    program     static C:\Users\Daniel\Desktop\VidaMuerte\Pry_3.asm
                   ESPERA   0x000170    program     static C:\Users\Daniel\Desktop\VidaMuerte\Pry_3.asm
                     Loop   0x0001ba    program     static C:\Users\Daniel\Desktop\VidaMuerte\Pry_3.asm
                      M10   0x00004b    program     static C:\Users\Daniel\Desktop\VidaMuerte\Pry_3.asm
                      M11   0x000051    program     static C:\Users\Daniel\Desktop\VidaMuerte\Pry_3.asm
                       M4   0x000027    program     static C:\Users\Daniel\Desktop\VidaMuerte\Pry_3.asm
                       M5   0x00002d    program     static C:\Users\Daniel\Desktop\VidaMuerte\Pry_3.asm
                       M6   0x000033    program     static C:\Users\Daniel\Desktop\VidaMuerte\Pry_3.asm
                       M7   0x000039    program     static C:\Users\Daniel\Desktop\VidaMuerte\Pry_3.asm
                       M8   0x00003f    program     static C:\Users\Daniel\Desktop\VidaMuerte\Pry_3.asm
                       M9   0x000045    program     static C:\Users\Daniel\Desktop\VidaMuerte\Pry_3.asm
              OBTEN_ASCII   0x0001b3    program     static C:\Users\Daniel\Desktop\VidaMuerte\Pry_3.asm
                READ_TEMP   0x00019d    program     static C:\Users\Daniel\Desktop\VidaMuerte\Pry_3.asm
                START_LCD   0x00001f    program     static C:\Users\Daniel\Desktop\VidaMuerte\Pry_3.asm
               START_LCD1   0x000023    program     static C:\Users\Daniel\Desktop\VidaMuerte\Pry_3.asm
                UNIDADES1   0x0001b1    program     static C:\Users\Daniel\Desktop\VidaMuerte\Pry_3.asm
                    add10   0x0000e0    program     static C:\Users\Daniel\Desktop\VidaMuerte\Pry_3.asm
                   add100   0x0000e5    program     static C:\Users\Daniel\Desktop\VidaMuerte\Pry_3.asm
                  add100D   0x0000fb    program     static C:\Users\Daniel\Desktop\VidaMuerte\Pry_3.asm
                   add10D   0x0000f6    program     static C:\Users\Daniel\Desktop\VidaMuerte\Pry_3.asm
                 addspace   0x000133    program     static C:\Users\Daniel\Desktop\VidaMuerte\Pry_3.asm
                     bit0   0x00007b    program     static C:\Users\Daniel\Desktop\VidaMuerte\Pry_3.asm
                     bit1   0x000085    program     static C:\Users\Daniel\Desktop\VidaMuerte\Pry_3.asm
                     bit2   0x00008f    program     static C:\Users\Daniel\Desktop\VidaMuerte\Pry_3.asm
                     bit3   0x000099    program     static C:\Users\Daniel\Desktop\VidaMuerte\Pry_3.asm
                     bit4   0x0000a3    program     static C:\Users\Daniel\Desktop\VidaMuerte\Pry_3.asm
                     bit5   0x0000ad    program     static C:\Users\Daniel\Desktop\VidaMuerte\Pry_3.asm
                     bit6   0x0000b7    program     static C:\Users\Daniel\Desktop\VidaMuerte\Pry_3.asm
                     bit7   0x0000c4    program     static C:\Users\Daniel\Desktop\VidaMuerte\Pry_3.asm
                    ceros   0x000065    program     static C:\Users\Daniel\Desktop\VidaMuerte\Pry_3.asm
                  compdec   0x0000da    program     static C:\Users\Daniel\Desktop\VidaMuerte\Pry_3.asm
                 compdecD   0x0000f0    program     static C:\Users\Daniel\Desktop\VidaMuerte\Pry_3.asm
                    delay   0x0002f7    program     static C:\Users\Daniel\Desktop\VidaMuerte\Pry_3.asm
                      dos   0x0002f9    program     static C:\Users\Daniel\Desktop\VidaMuerte\Pry_3.asm
                     dosP   0x0002ee    program     static C:\Users\Daniel\Desktop\VidaMuerte\Pry_3.asm
                 ejecutar   0x0002b9    program     static C:\Users\Daniel\Desktop\VidaMuerte\Pry_3.asm
                      fix   0x0000d4    program     static C:\Users\Daniel\Desktop\VidaMuerte\Pry_3.asm
                     fixD   0x0000ea    program     static C:\Users\Daniel\Desktop\VidaMuerte\Pry_3.asm
                   inicio   0x000005    program     static C:\Users\Daniel\Desktop\VidaMuerte\Pry_3.asm
                       l1   0x000062    program     static C:\Users\Daniel\Desktop\VidaMuerte\Pry_3.asm
                   lcd_in   0x0002ad    program     static C:\Users\Daniel\Desktop\VidaMuerte\Pry_3.asm
               lcd_inicio   0x000100    program     static C:\Users\Daniel\Desktop\VidaMuerte\Pry_3.asm
                     loop   0x00005a    program     static C:\Users\Daniel\Desktop\VidaMuerte\Pry_3.asm
                   menorA   0x00011c    program     static C:\Users\Daniel\Desktop\VidaMuerte\Pry_3.asm
                  menorA2   0x00012d    program     static C:\Users\Daniel\Desktop\VidaMuerte\Pry_3.asm
                  mostrar   0x000100    program     static C:\Users\Daniel\Desktop\VidaMuerte\Pry_3.asm
                 muestreo   0x000057    program     static C:\Users\Daniel\Desktop\VidaMuerte\Pry_3.asm
                     next   0x0002cb    program     static C:\Users\Daniel\Desktop\VidaMuerte\Pry_3.asm
                    pausa   0x0002ea    program     static C:\Users\Daniel\Desktop\VidaMuerte\Pry_3.asm
                 regresar   0x0000e9    program     static C:\Users\Daniel\Desktop\VidaMuerte\Pry_3.asm
                regresarD   0x0000ff    program     static C:\Users\Daniel\Desktop\VidaMuerte\Pry_3.asm
                  retardo   0x000060    program     static C:\Users\Daniel\Desktop\VidaMuerte\Pry_3.asm
                   seguir   0x000120    program     static C:\Users\Daniel\Desktop\VidaMuerte\Pry_3.asm
                  seguir2   0x000131    program     static C:\Users\Daniel\Desktop\VidaMuerte\Pry_3.asm
                     send   0x0002c5    program     static C:\Users\Daniel\Desktop\VidaMuerte\Pry_3.asm
                    sumas   0x00006a    program     static C:\Users\Daniel\Desktop\VidaMuerte\Pry_3.asm
                     temp   0x00016c    program     static C:\Users\Daniel\Desktop\VidaMuerte\Pry_3.asm
                    tresP   0x0002ec    program     static C:\Users\Daniel\Desktop\VidaMuerte\Pry_3.asm
                     txt1   0x00010b    program     static C:\Users\Daniel\Desktop\VidaMuerte\Pry_3.asm
                     txt2   0x00014c    program     static C:\Users\Daniel\Desktop\VidaMuerte\Pry_3.asm
                      uno   0x0002fb    program     static C:\Users\Daniel\Desktop\VidaMuerte\Pry_3.asm
                     unoP   0x0002f0    program     static C:\Users\Daniel\Desktop\VidaMuerte\Pry_3.asm



                              Symbols - Sorted by Address
                     Name    Address   Location    Storage File                     
                ---------  ---------  ---------  --------- ---------                
                   inicio   0x000005    program     static C:\Users\Daniel\Desktop\VidaMuerte\Pry_3.asm
                    CICLO   0x000014    program     static C:\Users\Daniel\Desktop\VidaMuerte\Pry_3.asm
                START_LCD   0x00001f    program     static C:\Users\Daniel\Desktop\VidaMuerte\Pry_3.asm
               START_LCD1   0x000023    program     static C:\Users\Daniel\Desktop\VidaMuerte\Pry_3.asm
                       M4   0x000027    program     static C:\Users\Daniel\Desktop\VidaMuerte\Pry_3.asm
                       M5   0x00002d    program     static C:\Users\Daniel\Desktop\VidaMuerte\Pry_3.asm
                       M6   0x000033    program     static C:\Users\Daniel\Desktop\VidaMuerte\Pry_3.asm
                       M7   0x000039    program     static C:\Users\Daniel\Desktop\VidaMuerte\Pry_3.asm
                       M8   0x00003f    program     static C:\Users\Daniel\Desktop\VidaMuerte\Pry_3.asm
                       M9   0x000045    program     static C:\Users\Daniel\Desktop\VidaMuerte\Pry_3.asm
                      M10   0x00004b    program     static C:\Users\Daniel\Desktop\VidaMuerte\Pry_3.asm
                      M11   0x000051    program     static C:\Users\Daniel\Desktop\VidaMuerte\Pry_3.asm
                 muestreo   0x000057    program     static C:\Users\Daniel\Desktop\VidaMuerte\Pry_3.asm
                     loop   0x00005a    program     static C:\Users\Daniel\Desktop\VidaMuerte\Pry_3.asm
                  retardo   0x000060    program     static C:\Users\Daniel\Desktop\VidaMuerte\Pry_3.asm
                       l1   0x000062    program     static C:\Users\Daniel\Desktop\VidaMuerte\Pry_3.asm
                    ceros   0x000065    program     static C:\Users\Daniel\Desktop\VidaMuerte\Pry_3.asm
                    sumas   0x00006a    program     static C:\Users\Daniel\Desktop\VidaMuerte\Pry_3.asm
                     bit0   0x00007b    program     static C:\Users\Daniel\Desktop\VidaMuerte\Pry_3.asm
                     bit1   0x000085    program     static C:\Users\Daniel\Desktop\VidaMuerte\Pry_3.asm
                     bit2   0x00008f    program     static C:\Users\Daniel\Desktop\VidaMuerte\Pry_3.asm
                     bit3   0x000099    program     static C:\Users\Daniel\Desktop\VidaMuerte\Pry_3.asm
                     bit4   0x0000a3    program     static C:\Users\Daniel\Desktop\VidaMuerte\Pry_3.asm
                     bit5   0x0000ad    program     static C:\Users\Daniel\Desktop\VidaMuerte\Pry_3.asm
                     bit6   0x0000b7    program     static C:\Users\Daniel\Desktop\VidaMuerte\Pry_3.asm
                     bit7   0x0000c4    program     static C:\Users\Daniel\Desktop\VidaMuerte\Pry_3.asm
                      fix   0x0000d4    program     static C:\Users\Daniel\Desktop\VidaMuerte\Pry_3.asm
                  compdec   0x0000da    program     static C:\Users\Daniel\Desktop\VidaMuerte\Pry_3.asm
                    add10   0x0000e0    program     static C:\Users\Daniel\Desktop\VidaMuerte\Pry_3.asm
                   add100   0x0000e5    program     static C:\Users\Daniel\Desktop\VidaMuerte\Pry_3.asm
                 regresar   0x0000e9    program     static C:\Users\Daniel\Desktop\VidaMuerte\Pry_3.asm
                     fixD   0x0000ea    program     static C:\Users\Daniel\Desktop\VidaMuerte\Pry_3.asm
                 compdecD   0x0000f0    program     static C:\Users\Daniel\Desktop\VidaMuerte\Pry_3.asm
                   add10D   0x0000f6    program     static C:\Users\Daniel\Desktop\VidaMuerte\Pry_3.asm
                  add100D   0x0000fb    program     static C:\Users\Daniel\Desktop\VidaMuerte\Pry_3.asm
                regresarD   0x0000ff    program     static C:\Users\Daniel\Desktop\VidaMuerte\Pry_3.asm
                  mostrar   0x000100    program     static C:\Users\Daniel\Desktop\VidaMuerte\Pry_3.asm
               lcd_inicio   0x000100    program     static C:\Users\Daniel\Desktop\VidaMuerte\Pry_3.asm
                     txt1   0x00010b    program     static C:\Users\Daniel\Desktop\VidaMuerte\Pry_3.asm
                   menorA   0x00011c    program     static C:\Users\Daniel\Desktop\VidaMuerte\Pry_3.asm
                   seguir   0x000120    program     static C:\Users\Daniel\Desktop\VidaMuerte\Pry_3.asm
                  menorA2   0x00012d    program     static C:\Users\Daniel\Desktop\VidaMuerte\Pry_3.asm
                  seguir2   0x000131    program     static C:\Users\Daniel\Desktop\VidaMuerte\Pry_3.asm
                 addspace   0x000133    program     static C:\Users\Daniel\Desktop\VidaMuerte\Pry_3.asm
                     txt2   0x00014c    program     static C:\Users\Daniel\Desktop\VidaMuerte\Pry_3.asm
                     temp   0x00016c    program     static C:\Users\Daniel\Desktop\VidaMuerte\Pry_3.asm
                   ESPERA   0x000170    program     static C:\Users\Daniel\Desktop\VidaMuerte\Pry_3.asm
                READ_TEMP   0x00019d    program     static C:\Users\Daniel\Desktop\VidaMuerte\Pry_3.asm
                CENTENAS1   0x0001a3    program     static C:\Users\Daniel\Desktop\VidaMuerte\Pry_3.asm
                 DECENAS1   0x0001aa    program     static C:\Users\Daniel\Desktop\VidaMuerte\Pry_3.asm
                UNIDADES1   0x0001b1    program     static C:\Users\Daniel\Desktop\VidaMuerte\Pry_3.asm
              OBTEN_ASCII   0x0001b3    program     static C:\Users\Daniel\Desktop\VidaMuerte\Pry_3.asm
                   DELAY1   0x0001b8    program     static C:\Users\Daniel\Desktop\VidaMuerte\Pry_3.asm
                     Loop   0x0001ba    program     static C:\Users\Daniel\Desktop\VidaMuerte\Pry_3.asm
                 ESCRIBIR   0x0001bd    program     static C:\Users\Daniel\Desktop\VidaMuerte\Pry_3.asm
                ESCRIBIR2   0x0001db    program     static C:\Users\Daniel\Desktop\VidaMuerte\Pry_3.asm
                ESCRIBIR3   0x0001f9    program     static C:\Users\Daniel\Desktop\VidaMuerte\Pry_3.asm
                ESCRIBIR4   0x000217    program     static C:\Users\Daniel\Desktop\VidaMuerte\Pry_3.asm
                ESCRIBIR5   0x000235    program     static C:\Users\Daniel\Desktop\VidaMuerte\Pry_3.asm
                ESCRIBIR6   0x000253    program     static C:\Users\Daniel\Desktop\VidaMuerte\Pry_3.asm
                ESCRIBIR7   0x000271    program     static C:\Users\Daniel\Desktop\VidaMuerte\Pry_3.asm
                ESCRIBIR8   0x00028f    program     static C:\Users\Daniel\Desktop\VidaMuerte\Pry_3.asm
                   lcd_in   0x0002ad    program     static C:\Users\Daniel\Desktop\VidaMuerte\Pry_3.asm
                 ejecutar   0x0002b9    program     static C:\Users\Daniel\Desktop\VidaMuerte\Pry_3.asm
                  COMANDO   0x0002bf    program     static C:\Users\Daniel\Desktop\VidaMuerte\Pry_3.asm
                     send   0x0002c5    program     static C:\Users\Daniel\Desktop\VidaMuerte\Pry_3.asm
                    ENVIA   0x0002c8    program     static C:\Users\Daniel\Desktop\VidaMuerte\Pry_3.asm
                     next   0x0002cb    program     static C:\Users\Daniel\Desktop\VidaMuerte\Pry_3.asm
                ERASE_LCD   0x0002d0    program     static C:\Users\Daniel\Desktop\VidaMuerte\Pry_3.asm
                   CENTRO   0x0002d6    program     static C:\Users\Daniel\Desktop\VidaMuerte\Pry_3.asm
                  CENTRO1   0x0002db    program     static C:\Users\Daniel\Desktop\VidaMuerte\Pry_3.asm
                 CENTRO1A   0x0002e0    program     static C:\Users\Daniel\Desktop\VidaMuerte\Pry_3.asm
                 CENTRO2A   0x0002e5    program     static C:\Users\Daniel\Desktop\VidaMuerte\Pry_3.asm
                    pausa   0x0002ea    program     static C:\Users\Daniel\Desktop\VidaMuerte\Pry_3.asm
                    tresP   0x0002ec    program     static C:\Users\Daniel\Desktop\VidaMuerte\Pry_3.asm
                     dosP   0x0002ee    program     static C:\Users\Daniel\Desktop\VidaMuerte\Pry_3.asm
                     unoP   0x0002f0    program     static C:\Users\Daniel\Desktop\VidaMuerte\Pry_3.asm
                    delay   0x0002f7    program     static C:\Users\Daniel\Desktop\VidaMuerte\Pry_3.asm
                      dos   0x0002f9    program     static C:\Users\Daniel\Desktop\VidaMuerte\Pry_3.asm
                      uno   0x0002fb    program     static C:\Users\Daniel\Desktop\VidaMuerte\Pry_3.asm


