MPLINK 4.46, Linker
Linker Map File - Created Wed Mar 27 00:43:28 2019

                                 Section Info
                  Section       Type    Address   Location Size(Bytes)
                ---------  ---------  ---------  ---------  ---------
                   .org_0       code   0x000000    program   0x000000
                   .org_1       code   0x000000    program   0x000002
                   .org_2       code   0x000005    program   0x00042e



                              Program Memory Usage 
                               Start         End      
                           ---------   ---------      
                            0x000000    0x000000      
                            0x000005    0x00021b      
            536 out of 8454 program addresses used, program memory utilization is 6%



                              Symbols - Sorted by Name
                     Name    Address   Location    Storage File                     
                ---------  ---------  ---------  --------- ---------                
                   CENTRO   0x000201    program     static C:\Users\Daniel\Desktop\Proyecto1\lcdbien.asm
                    CICLO   0x000012    program     static C:\Users\Daniel\Desktop\Proyecto1\lcdbien.asm
                  COMANDO   0x0001f3    program     static C:\Users\Daniel\Desktop\Proyecto1\lcdbien.asm
                    DELAY   0x000213    program     static C:\Users\Daniel\Desktop\Proyecto1\lcdbien.asm
                    ENVIA   0x0001f9    program     static C:\Users\Daniel\Desktop\Proyecto1\lcdbien.asm
                 ESCRIBIR   0x000040    program     static C:\Users\Daniel\Desktop\Proyecto1\lcdbien.asm
               INICIA_LCD   0x0001e7    program     static C:\Users\Daniel\Desktop\Proyecto1\lcdbien.asm
                   INICIO   0x000005    program     static C:\Users\Daniel\Desktop\Proyecto1\lcdbien.asm
                   LINEA2   0x0001fc    program     static C:\Users\Daniel\Desktop\Proyecto1\lcdbien.asm
                       M1   0x00018e    program     static C:\Users\Daniel\Desktop\Proyecto1\lcdbien.asm
                       M2   0x0001b3    program     static C:\Users\Daniel\Desktop\Proyecto1\lcdbien.asm
                       M3   0x00005e    program     static C:\Users\Daniel\Desktop\Proyecto1\lcdbien.asm
                       M4   0x0000bb    program     static C:\Users\Daniel\Desktop\Proyecto1\lcdbien.asm
                       M5   0x00003a    program     static C:\Users\Daniel\Desktop\Proyecto1\lcdbien.asm
                       M7   0x000178    program     static C:\Users\Daniel\Desktop\Proyecto1\lcdbien.asm
                  RETARDO   0x000206    program     static C:\Users\Daniel\Desktop\Proyecto1\lcdbien.asm
                START_LCD   0x00002a    program     static C:\Users\Daniel\Desktop\Proyecto1\lcdbien.asm
               START_LCD1   0x000030    program     static C:\Users\Daniel\Desktop\Proyecto1\lcdbien.asm
               START_LCD2   0x000033    program     static C:\Users\Daniel\Desktop\Proyecto1\lcdbien.asm
               START_LCD3   0x000037    program     static C:\Users\Daniel\Desktop\Proyecto1\lcdbien.asm
                    ciclo   0x000215    program     static C:\Users\Daniel\Desktop\Proyecto1\lcdbien.asm
                   ciclo2   0x000217    program     static C:\Users\Daniel\Desktop\Proyecto1\lcdbien.asm
                      dos   0x00020a    program     static C:\Users\Daniel\Desktop\Proyecto1\lcdbien.asm
                     tres   0x000208    program     static C:\Users\Daniel\Desktop\Proyecto1\lcdbien.asm
                      uno   0x00020c    program     static C:\Users\Daniel\Desktop\Proyecto1\lcdbien.asm



                              Symbols - Sorted by Address
                     Name    Address   Location    Storage File                     
                ---------  ---------  ---------  --------- ---------                
                   INICIO   0x000005    program     static C:\Users\Daniel\Desktop\Proyecto1\lcdbien.asm
                    CICLO   0x000012    program     static C:\Users\Daniel\Desktop\Proyecto1\lcdbien.asm
                START_LCD   0x00002a    program     static C:\Users\Daniel\Desktop\Proyecto1\lcdbien.asm
               START_LCD1   0x000030    program     static C:\Users\Daniel\Desktop\Proyecto1\lcdbien.asm
               START_LCD2   0x000033    program     static C:\Users\Daniel\Desktop\Proyecto1\lcdbien.asm
               START_LCD3   0x000037    program     static C:\Users\Daniel\Desktop\Proyecto1\lcdbien.asm
                       M5   0x00003a    program     static C:\Users\Daniel\Desktop\Proyecto1\lcdbien.asm
                 ESCRIBIR   0x000040    program     static C:\Users\Daniel\Desktop\Proyecto1\lcdbien.asm
                       M3   0x00005e    program     static C:\Users\Daniel\Desktop\Proyecto1\lcdbien.asm
                       M4   0x0000bb    program     static C:\Users\Daniel\Desktop\Proyecto1\lcdbien.asm
                       M7   0x000178    program     static C:\Users\Daniel\Desktop\Proyecto1\lcdbien.asm
                       M1   0x00018e    program     static C:\Users\Daniel\Desktop\Proyecto1\lcdbien.asm
                       M2   0x0001b3    program     static C:\Users\Daniel\Desktop\Proyecto1\lcdbien.asm
               INICIA_LCD   0x0001e7    program     static C:\Users\Daniel\Desktop\Proyecto1\lcdbien.asm
                  COMANDO   0x0001f3    program     static C:\Users\Daniel\Desktop\Proyecto1\lcdbien.asm
                    ENVIA   0x0001f9    program     static C:\Users\Daniel\Desktop\Proyecto1\lcdbien.asm
                   LINEA2   0x0001fc    program     static C:\Users\Daniel\Desktop\Proyecto1\lcdbien.asm
                   CENTRO   0x000201    program     static C:\Users\Daniel\Desktop\Proyecto1\lcdbien.asm
                  RETARDO   0x000206    program     static C:\Users\Daniel\Desktop\Proyecto1\lcdbien.asm
                     tres   0x000208    program     static C:\Users\Daniel\Desktop\Proyecto1\lcdbien.asm
                      dos   0x00020a    program     static C:\Users\Daniel\Desktop\Proyecto1\lcdbien.asm
                      uno   0x00020c    program     static C:\Users\Daniel\Desktop\Proyecto1\lcdbien.asm
                    DELAY   0x000213    program     static C:\Users\Daniel\Desktop\Proyecto1\lcdbien.asm
                    ciclo   0x000215    program     static C:\Users\Daniel\Desktop\Proyecto1\lcdbien.asm
                   ciclo2   0x000217    program     static C:\Users\Daniel\Desktop\Proyecto1\lcdbien.asm


