MPLINK 4.46, Linker
Linker Map File - Created Fri May 03 00:09:47 2019

                                 Section Info
                  Section       Type    Address   Location Size(Bytes)
                ---------  ---------  ---------  ---------  ---------
                   .org_0       code   0x000000    program   0x000000
                   .org_1       code   0x000000    program   0x000002
                   .org_2       code   0x000005    program   0x0003e0



                              Program Memory Usage 
                               Start         End      
                           ---------   ---------      
                            0x000000    0x000000      
                            0x000005    0x0001f4      
            497 out of 8454 program addresses used, program memory utilization is 5%



                              Symbols - Sorted by Name
                     Name    Address   Location    Storage File                     
                ---------  ---------  ---------  --------- ---------                
                    add10   0x0000aa    program     static C:\Users\Daniel\Desktop\VidaMuerte\volmetroBien.asm
                   add100   0x0000af    program     static C:\Users\Daniel\Desktop\VidaMuerte\volmetroBien.asm
                  add100D   0x0000c5    program     static C:\Users\Daniel\Desktop\VidaMuerte\volmetroBien.asm
                   add10D   0x0000c0    program     static C:\Users\Daniel\Desktop\VidaMuerte\volmetroBien.asm
                 addspace   0x0000f7    program     static C:\Users\Daniel\Desktop\VidaMuerte\volmetroBien.asm
                     bit0   0x000045    program     static C:\Users\Daniel\Desktop\VidaMuerte\volmetroBien.asm
                     bit1   0x00004f    program     static C:\Users\Daniel\Desktop\VidaMuerte\volmetroBien.asm
                     bit2   0x000059    program     static C:\Users\Daniel\Desktop\VidaMuerte\volmetroBien.asm
                     bit3   0x000063    program     static C:\Users\Daniel\Desktop\VidaMuerte\volmetroBien.asm
                     bit4   0x00006d    program     static C:\Users\Daniel\Desktop\VidaMuerte\volmetroBien.asm
                     bit5   0x000077    program     static C:\Users\Daniel\Desktop\VidaMuerte\volmetroBien.asm
                     bit6   0x000081    program     static C:\Users\Daniel\Desktop\VidaMuerte\volmetroBien.asm
                     bit7   0x00008e    program     static C:\Users\Daniel\Desktop\VidaMuerte\volmetroBien.asm
                   carlos   0x000015    program     static C:\Users\Daniel\Desktop\VidaMuerte\volmetroBien.asm
                    ceros   0x00002f    program     static C:\Users\Daniel\Desktop\VidaMuerte\volmetroBien.asm
                  compdec   0x0000a4    program     static C:\Users\Daniel\Desktop\VidaMuerte\volmetroBien.asm
                 compdecD   0x0000ba    program     static C:\Users\Daniel\Desktop\VidaMuerte\volmetroBien.asm
                    delay   0x0001ec    program     static C:\Users\Daniel\Desktop\VidaMuerte\volmetroBien.asm
                      dos   0x0001ee    program     static C:\Users\Daniel\Desktop\VidaMuerte\volmetroBien.asm
                     dosP   0x0001e1    program     static C:\Users\Daniel\Desktop\VidaMuerte\volmetroBien.asm
                 ejecutar   0x0001cf    program     static C:\Users\Daniel\Desktop\VidaMuerte\volmetroBien.asm
                      fer   0x00001f    program     static C:\Users\Daniel\Desktop\VidaMuerte\volmetroBien.asm
                      fin   0x0001f5    program     static C:\Users\Daniel\Desktop\VidaMuerte\volmetroBien.asm
                      fix   0x00009e    program     static C:\Users\Daniel\Desktop\VidaMuerte\volmetroBien.asm
                     fixD   0x0000b4    program     static C:\Users\Daniel\Desktop\VidaMuerte\volmetroBien.asm
                   inicio   0x000005    program     static C:\Users\Daniel\Desktop\VidaMuerte\volmetroBien.asm
                       l1   0x00002c    program     static C:\Users\Daniel\Desktop\VidaMuerte\volmetroBien.asm
                   lcd_in   0x0001c3    program     static C:\Users\Daniel\Desktop\VidaMuerte\volmetroBien.asm
               lcd_inicio   0x0000ca    program     static C:\Users\Daniel\Desktop\VidaMuerte\volmetroBien.asm
                     loop   0x000024    program     static C:\Users\Daniel\Desktop\VidaMuerte\volmetroBien.asm
                   menorA   0x0000e0    program     static C:\Users\Daniel\Desktop\VidaMuerte\volmetroBien.asm
                  menorA2   0x0000f1    program     static C:\Users\Daniel\Desktop\VidaMuerte\volmetroBien.asm
                  mostrar   0x0000ca    program     static C:\Users\Daniel\Desktop\VidaMuerte\volmetroBien.asm
                 muestreo   0x000021    program     static C:\Users\Daniel\Desktop\VidaMuerte\volmetroBien.asm
                    name1   0x00013e    program     static C:\Users\Daniel\Desktop\VidaMuerte\volmetroBien.asm
                    name2   0x000169    program     static C:\Users\Daniel\Desktop\VidaMuerte\volmetroBien.asm
                    nameA   0x000182    program     static C:\Users\Daniel\Desktop\VidaMuerte\volmetroBien.asm
                    nameB   0x0001a7    program     static C:\Users\Daniel\Desktop\VidaMuerte\volmetroBien.asm
                     next   0x0001d8    program     static C:\Users\Daniel\Desktop\VidaMuerte\volmetroBien.asm
                    pausa   0x0001dd    program     static C:\Users\Daniel\Desktop\VidaMuerte\volmetroBien.asm
                 regresar   0x0000b3    program     static C:\Users\Daniel\Desktop\VidaMuerte\volmetroBien.asm
                regresarD   0x0000c9    program     static C:\Users\Daniel\Desktop\VidaMuerte\volmetroBien.asm
                  retardo   0x00002a    program     static C:\Users\Daniel\Desktop\VidaMuerte\volmetroBien.asm
                   seguir   0x0000e4    program     static C:\Users\Daniel\Desktop\VidaMuerte\volmetroBien.asm
                  seguir2   0x0000f5    program     static C:\Users\Daniel\Desktop\VidaMuerte\volmetroBien.asm
                     send   0x0001d5    program     static C:\Users\Daniel\Desktop\VidaMuerte\volmetroBien.asm
                    sumas   0x000034    program     static C:\Users\Daniel\Desktop\VidaMuerte\volmetroBien.asm
                    tresP   0x0001df    program     static C:\Users\Daniel\Desktop\VidaMuerte\volmetroBien.asm
                     txt1   0x0000cf    program     static C:\Users\Daniel\Desktop\VidaMuerte\volmetroBien.asm
                     txt2   0x000112    program     static C:\Users\Daniel\Desktop\VidaMuerte\volmetroBien.asm
                      uno   0x0001f0    program     static C:\Users\Daniel\Desktop\VidaMuerte\volmetroBien.asm
                     unoP   0x0001e3    program     static C:\Users\Daniel\Desktop\VidaMuerte\volmetroBien.asm



                              Symbols - Sorted by Address
                     Name    Address   Location    Storage File                     
                ---------  ---------  ---------  --------- ---------                
                   inicio   0x000005    program     static C:\Users\Daniel\Desktop\VidaMuerte\volmetroBien.asm
                   carlos   0x000015    program     static C:\Users\Daniel\Desktop\VidaMuerte\volmetroBien.asm
                      fer   0x00001f    program     static C:\Users\Daniel\Desktop\VidaMuerte\volmetroBien.asm
                 muestreo   0x000021    program     static C:\Users\Daniel\Desktop\VidaMuerte\volmetroBien.asm
                     loop   0x000024    program     static C:\Users\Daniel\Desktop\VidaMuerte\volmetroBien.asm
                  retardo   0x00002a    program     static C:\Users\Daniel\Desktop\VidaMuerte\volmetroBien.asm
                       l1   0x00002c    program     static C:\Users\Daniel\Desktop\VidaMuerte\volmetroBien.asm
                    ceros   0x00002f    program     static C:\Users\Daniel\Desktop\VidaMuerte\volmetroBien.asm
                    sumas   0x000034    program     static C:\Users\Daniel\Desktop\VidaMuerte\volmetroBien.asm
                     bit0   0x000045    program     static C:\Users\Daniel\Desktop\VidaMuerte\volmetroBien.asm
                     bit1   0x00004f    program     static C:\Users\Daniel\Desktop\VidaMuerte\volmetroBien.asm
                     bit2   0x000059    program     static C:\Users\Daniel\Desktop\VidaMuerte\volmetroBien.asm
                     bit3   0x000063    program     static C:\Users\Daniel\Desktop\VidaMuerte\volmetroBien.asm
                     bit4   0x00006d    program     static C:\Users\Daniel\Desktop\VidaMuerte\volmetroBien.asm
                     bit5   0x000077    program     static C:\Users\Daniel\Desktop\VidaMuerte\volmetroBien.asm
                     bit6   0x000081    program     static C:\Users\Daniel\Desktop\VidaMuerte\volmetroBien.asm
                     bit7   0x00008e    program     static C:\Users\Daniel\Desktop\VidaMuerte\volmetroBien.asm
                      fix   0x00009e    program     static C:\Users\Daniel\Desktop\VidaMuerte\volmetroBien.asm
                  compdec   0x0000a4    program     static C:\Users\Daniel\Desktop\VidaMuerte\volmetroBien.asm
                    add10   0x0000aa    program     static C:\Users\Daniel\Desktop\VidaMuerte\volmetroBien.asm
                   add100   0x0000af    program     static C:\Users\Daniel\Desktop\VidaMuerte\volmetroBien.asm
                 regresar   0x0000b3    program     static C:\Users\Daniel\Desktop\VidaMuerte\volmetroBien.asm
                     fixD   0x0000b4    program     static C:\Users\Daniel\Desktop\VidaMuerte\volmetroBien.asm
                 compdecD   0x0000ba    program     static C:\Users\Daniel\Desktop\VidaMuerte\volmetroBien.asm
                   add10D   0x0000c0    program     static C:\Users\Daniel\Desktop\VidaMuerte\volmetroBien.asm
                  add100D   0x0000c5    program     static C:\Users\Daniel\Desktop\VidaMuerte\volmetroBien.asm
                regresarD   0x0000c9    program     static C:\Users\Daniel\Desktop\VidaMuerte\volmetroBien.asm
               lcd_inicio   0x0000ca    program     static C:\Users\Daniel\Desktop\VidaMuerte\volmetroBien.asm
                  mostrar   0x0000ca    program     static C:\Users\Daniel\Desktop\VidaMuerte\volmetroBien.asm
                     txt1   0x0000cf    program     static C:\Users\Daniel\Desktop\VidaMuerte\volmetroBien.asm
                   menorA   0x0000e0    program     static C:\Users\Daniel\Desktop\VidaMuerte\volmetroBien.asm
                   seguir   0x0000e4    program     static C:\Users\Daniel\Desktop\VidaMuerte\volmetroBien.asm
                  menorA2   0x0000f1    program     static C:\Users\Daniel\Desktop\VidaMuerte\volmetroBien.asm
                  seguir2   0x0000f5    program     static C:\Users\Daniel\Desktop\VidaMuerte\volmetroBien.asm
                 addspace   0x0000f7    program     static C:\Users\Daniel\Desktop\VidaMuerte\volmetroBien.asm
                     txt2   0x000112    program     static C:\Users\Daniel\Desktop\VidaMuerte\volmetroBien.asm
                    name1   0x00013e    program     static C:\Users\Daniel\Desktop\VidaMuerte\volmetroBien.asm
                    name2   0x000169    program     static C:\Users\Daniel\Desktop\VidaMuerte\volmetroBien.asm
                    nameA   0x000182    program     static C:\Users\Daniel\Desktop\VidaMuerte\volmetroBien.asm
                    nameB   0x0001a7    program     static C:\Users\Daniel\Desktop\VidaMuerte\volmetroBien.asm
                   lcd_in   0x0001c3    program     static C:\Users\Daniel\Desktop\VidaMuerte\volmetroBien.asm
                 ejecutar   0x0001cf    program     static C:\Users\Daniel\Desktop\VidaMuerte\volmetroBien.asm
                     send   0x0001d5    program     static C:\Users\Daniel\Desktop\VidaMuerte\volmetroBien.asm
                     next   0x0001d8    program     static C:\Users\Daniel\Desktop\VidaMuerte\volmetroBien.asm
                    pausa   0x0001dd    program     static C:\Users\Daniel\Desktop\VidaMuerte\volmetroBien.asm
                    tresP   0x0001df    program     static C:\Users\Daniel\Desktop\VidaMuerte\volmetroBien.asm
                     dosP   0x0001e1    program     static C:\Users\Daniel\Desktop\VidaMuerte\volmetroBien.asm
                     unoP   0x0001e3    program     static C:\Users\Daniel\Desktop\VidaMuerte\volmetroBien.asm
                    delay   0x0001ec    program     static C:\Users\Daniel\Desktop\VidaMuerte\volmetroBien.asm
                      dos   0x0001ee    program     static C:\Users\Daniel\Desktop\VidaMuerte\volmetroBien.asm
                      uno   0x0001f0    program     static C:\Users\Daniel\Desktop\VidaMuerte\volmetroBien.asm
                      fin   0x0001f5    program     static C:\Users\Daniel\Desktop\VidaMuerte\volmetroBien.asm


